---
source: tests/integration.rs
expression: redacted
---
ğŸ“­ No active worktrees/workspaces
